
Map of Debug\stm8.sm8 from link file Debug\stm8.lkf - Tue Nov  5 17:45:57 2019


                               --------
                               Segments
                               --------

start 00008080 end 00008080 length     0 segment .const
start 00008083 end 00008249 length   454 segment .text
start 00000000 end 00000000 length     0 segment .bsct
start 00000000 end 00000006 length     6 segment .ubsct
start 00000006 end 00000006 length     0 segment .bit
start 00000006 end 00000006 length     0 segment .share
start 00000100 end 00000100 length     0 segment .data
start 00000100 end 00000100 length     0 segment .bss
start 00000000 end 00000222 length   546 segment .info.
start 00000000 end 00000d7e length  3454 segment .debug
start 00008000 end 00008080 length   128 segment .const
start 00008080 end 00008083 length     3 segment .init


                               -------
                               Modules
                               -------

D:\Program Files (x86)\STMicroelectronics\COSMIC\FSE_Compilers\CXSTM8\Lib\crtsi0.sm8:
start 00008083 end 000080d3 length    80 section .text
start 00000100 end 00000100 length     0 section .bss
start 00000000 end 00000000 length     0 section .ubsct
start 00000000 end 00000034 length    52 section .info.

Debug\stm8l10x_gpio.o:
start 000080d3 end 000081b7 length   228 section .text
start 00000000 end 00000b41 length  2881 section .debug
start 00000034 end 000000a9 length   117 section .info.

Debug\main.o:
start 000081b7 end 00008248 length   145 section .text
start 00000b41 end 00000c13 length   210 section .debug
start 000000a9 end 00000115 length   108 section .info.

(D:\Program Files (x86)\STMicroelectronics\COSMIC\FSE_Compilers\CXSTM8\Lib\libm0.sm8)xreg.o:
start 00000000 end 00000003 length     3 section .ubsct
start 00000115 end 00000144 length    47 section .info.

(D:\Program Files (x86)\STMicroelectronics\COSMIC\FSE_Compilers\CXSTM8\Lib\libm0.sm8)yreg.o:
start 00000003 end 00000006 length     3 section .ubsct
start 00000144 end 00000173 length    47 section .info.

Debug\stm8_interrupt_vector.o:
start 00008248 end 00008249 length     1 section .text
start 00000c13 end 00000d7e length   363 section .debug
start 00000173 end 000001f0 length   125 section .info.
start 00008000 end 00008080 length   128 section .const


                             -----------
                             Stack usage
                             -----------

Debug\main.o:
_main                       >   10   (4)

Debug\stm8_interrupt_vector.o:
f_NonHandledInterrupt       >    6   (6)

Debug\stm8l10x_gpio.o:
_GPIO_DeInit                >    2   (2)
_GPIO_ExternalPullUpConfig  >    6   (6)
_GPIO_Init                       6   (6)
_GPIO_ReadInputData         >    2   (2)
_GPIO_ReadInputDataBit      >    5   (5)
_GPIO_ReadOutputData        >    2   (2)
_GPIO_ReadOutputDataBit     >    5   (5)
_GPIO_ResetBits             >    5   (5)
_GPIO_SetBits               >    5   (5)
_GPIO_ToggleBits                 5   (5)
_GPIO_Write                 >    5   (5)
_GPIO_WriteBit              >    6   (6)

Stack size: 16


                              ---------
                              Call tree
                              ---------
   1 > _GPIO_DeInit: (2)

   2 > _GPIO_ExternalPullUpConfig: (6)

   3 > _GPIO_ReadInputData: (2)

   4 > _GPIO_ReadInputDataBit: (5)

   5 > _GPIO_ReadOutputData: (2)

   6 > _GPIO_ReadOutputDataBit: (5)

   7 > _GPIO_ResetBits: (5)

   8 > _GPIO_SetBits: (5)

   9 > _GPIO_Write: (5)

  10 > _GPIO_WriteBit: (6)

  11 > __stext: (0)

  12 > _main: (4)
  13      + _GPIO_Init: (6)
  14      + _GPIO_ToggleBits: (5)
       
  15 > f_NonHandledInterrupt: (6)

  16   _GPIO_Init --> 13

  17   _GPIO_ToggleBits --> 14



                               -------
                               Symbols
                               -------

_GPIO_DeInit                 000080d3   defined in Debug\stm8l10x_gpio.o section .text
_GPIO_ExternalPullUpConfig   0000819f   defined in Debug\stm8l10x_gpio.o section .text
_GPIO_Init                   000080db   defined in Debug\stm8l10x_gpio.o section .text
                                        used in Debug\main.o
_GPIO_ReadInputData          0000818d   defined in Debug\stm8l10x_gpio.o section .text
_GPIO_ReadInputDataBit       00008192   defined in Debug\stm8l10x_gpio.o section .text
_GPIO_ReadOutputData         00008190   defined in Debug\stm8l10x_gpio.o section .text
_GPIO_ReadOutputDataBit      00008199   defined in Debug\stm8l10x_gpio.o section .text
_GPIO_ResetBits              0000817e   defined in Debug\stm8l10x_gpio.o section .text
_GPIO_SetBits                00008177   defined in Debug\stm8l10x_gpio.o section .text
_GPIO_ToggleBits             00008186   defined in Debug\stm8l10x_gpio.o section .text
                                        used in Debug\main.o
_GPIO_Write                  0000813c   defined in Debug\stm8l10x_gpio.o section .text
_GPIO_WriteBit               00008144   defined in Debug\stm8l10x_gpio.o section .text
__endmem                     000003fe   defined in command file
                                        *** not used ***
__endzp                      00000006   defined in command file section .ubsct
                                        used in D:\Program Files (x86)\STMicroelectronics\COSMIC\FSE_Compilers\CXSTM8\Lib\crtsi0.sm8
__idesc__                    00008080   defined in linker section .init
                                        used in D:\Program Files (x86)\STMicroelectronics\COSMIC\FSE_Compilers\CXSTM8\Lib\crtsi0.sm8
__memory                     00000100   defined in command file section .bss
                                        used in D:\Program Files (x86)\STMicroelectronics\COSMIC\FSE_Compilers\CXSTM8\Lib\crtsi0.sm8
__stack                      000005ff   defined in command file
                                        used in D:\Program Files (x86)\STMicroelectronics\COSMIC\FSE_Compilers\CXSTM8\Lib\crtsi0.sm8
__startmem                   00000100   defined in command file section .bss
                                        *** not used ***
__stext                      00008083   defined in D:\Program Files (x86)\STMicroelectronics\COSMIC\FSE_Compilers\CXSTM8\Lib\crtsi0.sm8 section .text
                                        used in Debug\stm8_interrupt_vector.o
__vectab                     00008000   defined in Debug\stm8_interrupt_vector.o section .const
_exit                        000080d1   defined in D:\Program Files (x86)\STMicroelectronics\COSMIC\FSE_Compilers\CXSTM8\Lib\crtsi0.sm8 section .text
_main                        000081b7   defined in Debug\main.o section .text
                                        used in D:\Program Files (x86)\STMicroelectronics\COSMIC\FSE_Compilers\CXSTM8\Lib\crtsi0.sm8
c_x                          00000000   defined in (D:\Program Files (x86)\STMicroelectronics\COSMIC\FSE_Compilers\CXSTM8\Lib\libm0.sm8)xreg.o section .ubsct
                                        used in D:\Program Files (x86)\STMicroelectronics\COSMIC\FSE_Compilers\CXSTM8\Lib\crtsi0.sm8
c_y                          00000003   defined in (D:\Program Files (x86)\STMicroelectronics\COSMIC\FSE_Compilers\CXSTM8\Lib\libm0.sm8)yreg.o section .ubsct
                                        used in D:\Program Files (x86)\STMicroelectronics\COSMIC\FSE_Compilers\CXSTM8\Lib\crtsi0.sm8
f_NonHandledInterrupt        00008248   defined in Debug\stm8_interrupt_vector.o section .text
